Calculating task graph as no cached configuration is available for tasks: compileKotlinDesktop
Type-safe project accessors is an incubating feature.

[Incubating] Problems report is available at: file:///C:/Marcos/Repositorio/minierp/build/reports/problems/problems-report.html

Deprecated Gradle features were used in this build, making it incompatible with Gradle 9.0.

You can use '--warning-mode all' to show the individual deprecation warnings and determine if they come from your own scripts or plugins.

For more on this, please refer to https://docs.gradle.org/8.14.3/userguide/command_line_interface.html#sec:command_line_warnings in the Gradle documentation.
Configuration cache entry stored.
./gradlew.bat : 
En línea: 1 Carácter: 1
+ ./gradlew.bat compileKotlinDesktop > 
build_error.log 2>&1 ; cat build ...
+ ~~~~~~~~~~~~~~~~~~~~~~~~~~~~~~~~~~~~~~~~~~~~~
~~~~~~~~~~~~
    + CategoryInfo          : NotSpecified: (: 
   String) [], RemoteException
    + FullyQualifiedErrorId : NativeCommandErr 
   or
 
FAILURE: Build failed with an exception.

* What went wrong:
Task 'compileKotlinDesktop' not found in root 
project 'MiniErp' and its subprojects.

* Try:
> Run gradlew tasks to get a list of available 
tasks.
> For more on name expansion, please refer to h
ttps://docs.gradle.org/8.14.3/userguide/command
_line_interface.html#sec:name_abbreviation in 
the Gradle documentation.
> Run with --stacktrace option to get the 
stack trace.
> Run with --info or --debug option to get 
more log output.
> Run with --scan to get full insights.
> Get more help at https://help.gradle.org.

BUILD FAILED in 2s
